// Jest Snapshot v1, https://goo.gl/fbAQLP

exports[`FilterMenu Component renders correctly 1`] = `
LoadedCheerio {
  "0": Node {
    "attribs": Object {
      "class": "sc-bdnxRM dUFXLy",
    },
    "children": Array [
      Node {
        "attribs": Object {
          "class": "sc-gtsrHT bucyKh",
        },
        "children": Array [
          Node {
            "data": "Pending",
            "next": null,
            "parent": [Circular],
            "prev": null,
            "type": "text",
          },
        ],
        "name": "span",
        "namespace": "http://www.w3.org/1999/xhtml",
        "next": Node {
          "attribs": Object {
            "aria-controls": "long-menu",
            "aria-haspopup": "true",
            "aria-hidden": "true",
            "aria-label": "more",
            "class": "material-icons MuiIcon-root",
            "title": "Filter List",
          },
          "children": Array [
            Node {
              "data": "filter_list",
              "next": null,
              "parent": [Circular],
              "prev": null,
              "type": "text",
            },
          ],
          "name": "span",
          "namespace": "http://www.w3.org/1999/xhtml",
          "next": null,
          "parent": [Circular],
          "prev": [Circular],
          "type": "tag",
          "x-attribsNamespace": Object {
            "aria-controls": undefined,
            "aria-haspopup": undefined,
            "aria-hidden": undefined,
            "aria-label": undefined,
            "class": undefined,
            "title": undefined,
          },
          "x-attribsPrefix": Object {
            "aria-controls": undefined,
            "aria-haspopup": undefined,
            "aria-hidden": undefined,
            "aria-label": undefined,
            "class": undefined,
            "title": undefined,
          },
        },
        "parent": [Circular],
        "prev": null,
        "type": "tag",
        "x-attribsNamespace": Object {
          "class": undefined,
        },
        "x-attribsPrefix": Object {
          "class": undefined,
        },
      },
      Node {
        "attribs": Object {
          "aria-controls": "long-menu",
          "aria-haspopup": "true",
          "aria-hidden": "true",
          "aria-label": "more",
          "class": "material-icons MuiIcon-root",
          "title": "Filter List",
        },
        "children": Array [
          Node {
            "data": "filter_list",
            "next": null,
            "parent": [Circular],
            "prev": null,
            "type": "text",
          },
        ],
        "name": "span",
        "namespace": "http://www.w3.org/1999/xhtml",
        "next": null,
        "parent": [Circular],
        "prev": Node {
          "attribs": Object {
            "class": "sc-gtsrHT bucyKh",
          },
          "children": Array [
            Node {
              "data": "Pending",
              "next": null,
              "parent": [Circular],
              "prev": null,
              "type": "text",
            },
          ],
          "name": "span",
          "namespace": "http://www.w3.org/1999/xhtml",
          "next": [Circular],
          "parent": [Circular],
          "prev": null,
          "type": "tag",
          "x-attribsNamespace": Object {
            "class": undefined,
          },
          "x-attribsPrefix": Object {
            "class": undefined,
          },
        },
        "type": "tag",
        "x-attribsNamespace": Object {
          "aria-controls": undefined,
          "aria-haspopup": undefined,
          "aria-hidden": undefined,
          "aria-label": undefined,
          "class": undefined,
          "title": undefined,
        },
        "x-attribsPrefix": Object {
          "aria-controls": undefined,
          "aria-haspopup": undefined,
          "aria-hidden": undefined,
          "aria-label": undefined,
          "class": undefined,
          "title": undefined,
        },
      },
    ],
    "name": "div",
    "namespace": "http://www.w3.org/1999/xhtml",
    "next": null,
    "parent": Node {
      "children": Array [
        [Circular],
      ],
      "name": "root",
      "next": null,
      "parent": null,
      "prev": null,
      "type": "root",
    },
    "prev": null,
    "type": "tag",
    "x-attribsNamespace": Object {
      "class": undefined,
    },
    "x-attribsPrefix": Object {
      "class": undefined,
    },
  },
  "_root": LoadedCheerio {
    "0": Node {
      "children": Array [
        Node {
          "attribs": Object {},
          "children": Array [
            Node {
              "attribs": Object {},
              "children": Array [],
              "name": "head",
              "namespace": "http://www.w3.org/1999/xhtml",
              "next": Node {
                "attribs": Object {},
                "children": Array [],
                "name": "body",
                "namespace": "http://www.w3.org/1999/xhtml",
                "next": null,
                "parent": [Circular],
                "prev": [Circular],
                "type": "tag",
                "x-attribsNamespace": Object {},
                "x-attribsPrefix": Object {},
              },
              "parent": [Circular],
              "prev": null,
              "type": "tag",
              "x-attribsNamespace": Object {},
              "x-attribsPrefix": Object {},
            },
            Node {
              "attribs": Object {},
              "children": Array [],
              "name": "body",
              "namespace": "http://www.w3.org/1999/xhtml",
              "next": null,
              "parent": [Circular],
              "prev": Node {
                "attribs": Object {},
                "children": Array [],
                "name": "head",
                "namespace": "http://www.w3.org/1999/xhtml",
                "next": [Circular],
                "parent": [Circular],
                "prev": null,
                "type": "tag",
                "x-attribsNamespace": Object {},
                "x-attribsPrefix": Object {},
              },
              "type": "tag",
              "x-attribsNamespace": Object {},
              "x-attribsPrefix": Object {},
            },
          ],
          "name": "html",
          "namespace": "http://www.w3.org/1999/xhtml",
          "next": null,
          "parent": [Circular],
          "prev": null,
          "type": "tag",
          "x-attribsNamespace": Object {},
          "x-attribsPrefix": Object {},
        },
      ],
      "name": "root",
      "next": null,
      "parent": null,
      "prev": null,
      "type": "root",
      "x-mode": "quirks",
    },
    "_root": [Circular],
    "length": 1,
    "options": Object {
      "decodeEntities": true,
      "xml": false,
    },
  },
  "length": 1,
  "options": Object {
    "decodeEntities": true,
    "xml": false,
  },
}
`;
